16-T2onc	23246901	1041	fr	1	0	1	453	37	63	13.000000	@	13 26 38 49 55 	@	AGATGATCCTTCCAGTCCCCATCCATGAATGCAAACCATGCCAGCTGTAT CTTTGTAGTAAGCCAAGAGATGGATTAGTTATTTGATTCACCAAGTTTGA	@	AGAGGCTCTCAGAGGCTCCGCTTGCAGCCAGCCTTGGCGCTCTTTATTAC CTGAGAGATCCTCGCGGGCGTTCTGGTGCTAGTAGCAAGCTTGATGGGCG	@	1 1 1 1 1 1 1 1 1 1 1 1 1 1 1 1 1 1 1 1 1 1 1 1 1 1 1 1 1 1 1 1 1 1 1 1 1 0 0 0 0 0 0 0 0 0 0 0 0 0 	@	1 1 1 1 1 1 1 1 1 1 1 1 1 1 1 1 1 1 1 1 1 1 1 1 1 1 1 1 1 1 1 1 1 1 1 1 1 1 1 1 1 1 1 1 1 1 1 1 1 1 	@
16-T2onc	52047448	1539	fr	2	0	2	0	64	36	14.000000	@	11 29 46 57 70 	@	CTCTTTAAAGAAGGCAAGGAAAGGATGTACGAAGAGCAGTCGCAGGACAG GTGAGCACGTGGGATTTGTACTGTTCCTTGTGTCACGTTCTTCCCATTGT	@	TAGACTCCAGCAACCAGTAACCTCTGCCCTTTCTCCTCCATGACAACCAG GTCCCAGGTCCCGAAAACCAAAGAAGAAGAACGCAGATCGCAGATCTGGA	@	2 2 2 2 2 2 2 2 2 2 2 2 2 2 2 2 2 2 2 2 2 2 2 2 2 2 2 2 2 2 2 2 2 2 2 2 2 2 2 2 2 2 2 2 2 2 2 2 2 2 	@	2 2 2 2 2 2 2 2 2 2 2 2 2 2 2 2 2 2 2 2 2 2 2 2 2 2 2 2 2 2 2 2 2 2 2 2 0 0 0 0 0 0 0 0 0 0 0 0 0 0 	@
16-T2onc	52141093	1539	fr	587	103	462	393	87	88	0.380911	@	12 25 36 50 60 	@	TAACCGGATTATGTGAACCTACACCTCACGATCATATAAAAGTTACACAG GTAAGGAGAATTTTTGGAAAGATAATAATACATATCTATACCACCCCAGA	@	TAGACTCCAGCAACCAGTAACCTCTGCCCTTTCTCCTCCATGACAACCAG GTCCCAGGTCCCGAAAACCAAAGAAGAAGAACGCAGATCGCAGATCTGGA	@	587 587 587 587 587 587 587 587 587 587 587 587 586 576 569 565 552 548 541 538 537 534 519 519 512 508 504 496 496 494 494 494 490 482 479 479 477 457 447 426 425 423 401 396 372 366 359 327 324 311 	@	587 587 587 587 587 587 587 587 587 587 587 587 587 585 583 577 564 564 550 548 546 541 532 509 507 507 491 489 473 459 456 436 414 405 399 387 349 341 338 338 337 337 329 307 294 294 294 290 289 285 	@	0:-63997 1:-63997 1:-63997 1:-63997 2:-63997 2:-63997 3:-63997 4:-63997 7:-63997 8:-63997 10:-63997 10:-63997 11:-63997 11:-63997 11:-63997 11:-63997 11:-63997 14:-63997 14:-63997 14:-63997 15:-63997 15:-63997 15:-63997 15:-63997 15:-63997 15:-63997 15:-63997 16:-63997 18:-63997 19:-63997 20:-63997 23:-63997 23:-63997 25:-63997 26:-63997 26:-63997 27:-63997 27:-63997 30:-63997 36:-63997 36:-63997 36:-63997 36:-63997 38:-63997 39:-63997 39:-63997 39:-63997 39:-63997 39:-63997 39:-63997 39:-63997 40:-63997 40:-63997 40:-63997 40:-63997 43:-63997 43:-63997 49:-63997 49:-63997 59:-63997 59:-63997 59:-63997 59:-63997 60:-63997 60:-63997 60:-63997 62:-63997 65:-63997 65:-63997 73:-63997 75:-63997 85:-63997 86:-63997 -769:-63997 -769:-63997 1465:-63997 1465:-63997 1469:-63997 1469:-63997 1469:-63997 1469:-63997 1472:-63997 1475:-63997 1475:-63997 1477:-63997 1477:-63997 1480:-63997 1485:-63997 1485:-63997 1486:-63997 1504:-63997 1508:-63997 1529:-63997 1548:-63997 1549:-63997 1568:-63997 -1675:-63997 -1675:-63997 -1676:-63997 -1676:-63997 -1676:-63997 -1676:-63997 5216:-63997
T2onc-16	1539	55930465	rr	1	0	1	69	24	76	26.000000	@	12 26 40 51 65 	@	ATCAGATTATTAAACTGGAGAACCTAGAGAAATGCAAACAGTTAATCCAG GTGGGTATGGGTTGCATAAGACTAATTTATTACTAAACAAAACCAAAAAG	@	TAGACTCCAGCAACCAGTAACCTCTGCCCTTTCTCCTCCATGACAACCAG GTCCCAGGTCCCGAAAACCAAAGAAGAAGAACGCAGATCGCAGATCTGGA	@	1 1 1 1 1 1 1 1 1 1 1 1 1 1 1 1 1 1 1 1 1 1 1 1 0 0 0 0 0 0 0 0 0 0 0 0 0 0 0 0 0 0 0 0 0 0 0 0 0 0 	@	1 1 1 1 1 1 1 1 1 1 1 1 1 1 1 1 1 1 1 1 1 1 1 1 1 1 1 1 1 1 1 1 1 1 1 1 1 1 1 1 1 1 1 1 1 1 1 1 1 1 	@
16-T2onc	59457919	1536	fr	1	0	0	31	12	88	38.000000	@	11 27 36 47 61 	@	TGAAAGCCTCCAGCCGGACCTCGGCCCTCCTGTCTGGCTTCGCCATGGTG GCCATGGTGGAGGTGCAGCTGGAGACCAAGTACCAGTACCCTCAGCCCCT	@	ACTCCAGCAACCAGTAACCTCTGCCCTTTCTCCTCCATGACAACCAGGTC CCAGGTCCCGAAAACCAAAGAAGAAGAACGCAGATCGCAGATCTGGACTC	@	1 1 1 1 1 1 1 1 1 1 1 1 0 0 0 0 0 0 0 0 0 0 0 0 0 0 0 0 0 0 0 0 0 0 0 0 0 0 0 0 0 0 0 0 0 0 0 0 0 0 	@	1 1 1 1 1 1 1 1 1 1 1 1 1 1 1 1 1 1 1 1 1 1 1 1 1 1 1 1 1 1 1 1 1 1 1 1 1 1 1 1 1 1 1 1 1 1 1 1 1 1 	@
16-T2onc	78617673	1650	ff	1	0	0	0	18	82	32.000000	@	6 15 29 40 55 	@	TCCTTCTCTTGCTTCCTACAGTATCCTGGAGAGCTGGTCCTGGGGTGGGT GGGTGGGGTCCCCTCCCATCCACTTCAGGGTTGATAGTCTCTTTTGCTTT	@	CACAACCAACGCACCCAAGCTAGCTTGAGGTTGCAGATACTGGGGGTGGG GGGGGGGATGACCCGCCCAAGGCCATACAAGTGTTGGGCATTGGGGGTGG	@	1 1 1 1 1 1 1 1 1 1 1 1 1 1 1 1 1 1 0 0 0 0 0 0 0 0 0 0 0 0 0 0 0 0 0 0 0 0 0 0 0 0 0 0 0 0 0 0 0 0 	@	1 1 1 1 1 1 1 1 1 1 1 1 1 1 1 1 1 1 1 1 1 1 1 1 1 1 1 1 1 1 1 1 1 1 1 1 1 1 1 1 1 1 1 1 1 1 1 1 1 1 	@
16-T2onc	95706489	1541	fr	1	0	0	12	47	53	3.000000	@	13 26 41 54 67 	@	GAACATGGACCAAGTGGCCCCTGTCGCCAACAGTTTTCGTGGGACACTCA AGGTATGTGCTTCTTATCTAAATTATCTTGACGGTTTTAGAAACTACAAT	@	GCTAGACTCCAGCAACCAGTAACCTCTGCCCTTTCTCCTCCATGACAACC AGGTCCCAGGTCCCGAAAACCAAAGAAGAAGAACGCAGATCGCAGATCTG	@	1 1 1 1 1 1 1 1 1 1 1 1 1 1 1 1 1 1 1 1 1 1 1 1 1 1 1 1 1 1 1 1 1 1 1 1 1 1 1 1 1 1 1 1 1 1 1 0 0 0 	@	1 1 1 1 1 1 1 1 1 1 1 1 1 1 1 1 1 1 1 1 1 1 1 1 1 1 1 1 1 1 1 1 1 1 1 1 1 1 1 1 1 1 1 1 1 1 1 1 1 1 	@
