1-1	4065699	4065764	fr	1	0	0	0	17	33	16.000000	@	10 23 33 45 58 	@	CAAAACAAAACAAAAAACCCACAAACAAACAAACAAACAAAACTACATGG TGTTGGTACAGAAATAGACAGTTAAATCAATGGAATTGAATTAAAAACCC	@	TCCACTGGATGGTTTTAGCTTCTTTGTCAAAGATCAAATGACCATAGGTA TGTGGGTTCATTTCTGGGTTTTTAATTCAATTCCATTGATTTAACTGTCT	@	1 1 1 1 1 1 1 1 1 1 1 1 1 1 1 1 1 0 0 0 0 0 0 0 0 0 0 0 0 0 0 0 0 0 0 0 0 0 0 0 0 0 0 0 0 0 0 0 0 0 	@	1 1 1 1 1 1 1 1 1 1 1 1 1 1 1 1 1 1 1 1 1 1 1 1 1 1 1 1 1 1 1 1 1 0 0 0 0 0 0 0 0 0 0 0 0 0 0 0 0 0 	@
1-1	4430174	4430320	rr	1	0	0	0	26	24	2.000000	@	10 22 32 45 57 	@	TTCTGTTGGTAGAAGAAAGAAGAACAAAAATAGTAAGTCAAGAGTCCAGT GTGATAAAGGACACCACGGAGCAAAACAGGAAGCTGCTTAATGGAAAGGA	@	ATAAGATTTGTTTCAAAAATAGAACCAAGAGAATTAAAAAAAAAAACAGT ATTGAAAACAAACAATTAATCTTATGTCATTGATTCTATGAGAAAACTTA	@	1 1 1 1 1 1 1 1 1 1 1 1 1 1 1 1 1 1 1 1 1 1 1 1 1 1 0 0 0 0 0 0 0 0 0 0 0 0 0 0 0 0 0 0 0 0 0 0 0 0 	@	1 1 1 1 1 1 1 1 1 1 1 1 1 1 1 1 1 1 1 1 1 1 1 1 0 0 0 0 0 0 0 0 0 0 0 0 0 0 0 0 0 0 0 0 0 0 0 0 0 0 	@
1-T2onc	130717807	1542	fr	15	0	0	20	35	35	1.591111	@	9 25 38 49 61 	@	CCTGGATCTCAGCGACCGGGACATCACTCTTGGGGACCTGCCCATCCAGT CAGGTACGGGCACCGGCCGGGGCCGGGGAAGTCTTGGAGGACGTGGAGGG	@	AGCTAGACTCCAGCAACCAGTAACCTCTGCCCTTTCTCCTCCATGACAAC CAGGTCCCAGGTCCCGAAAACCAAAGAAGAAGAACGCAGATCGCAGATCT	@	15 15 15 15 15 15 15 15 15 15 15 15 15 15 15 14 14 14 13 12 12 11 10 10 10 10 10 9 8 7 7 7 7 3 1 0 0 0 0 0 0 0 0 0 0 0 0 0 0 0 	@	15 15 15 15 15 15 15 15 15 15 15 15 15 15 15 14 12 8 8 8 8 7 6 5 5 5 5 5 4 3 3 2 1 1 1 0 0 0 0 0 0 0 0 0 0 0 0 0 0 0 	@
T2onc-10	420	94106071	ff	10	0	0	0	28	22	6.000000	@	11 25 38 51 62 	@	CCTGCTAAAGCCAGTTCAGAGGATCCCTCAGTACAGGCTGCTACTGACAG GTGGGGGTCTCCAAACCTTACCAGCCAAGTGTCGCGGAGTGCCCTTACTG	@	TTCCCTGACAGCTGTGCACTTTCTAAACCGGTTTTCTCATTCATTTACAG TTCAGCCGATGATGAAATTGCCGCACTGGTTGTTAGCAACGTAGCCGGTA	@	1 1 1 1 1 1 1 1 1 1 1 1 1 1 1 1 1 1 1 1 1 1 1 1 1 1 1 1 0 0 0 0 0 0 0 0 0 0 0 0 0 0 0 0 0 0 0 0 0 0 	@	1 1 1 1 1 1 1 1 1 1 1 1 1 1 1 1 1 1 1 1 1 1 0 0 0 0 0 0 0 0 0 0 0 0 0 0 0 0 0 0 0 0 0 0 0 0 0 0 0 0 	@
